// Vitest Snapshot v1, https://vitest.dev/guide/snapshot.html

exports[`EpapTrendsCharts > renders plotly charts and matches snapshot 1`] = `
<DocumentFragment>
  <div
    class="usage-charts"
  >
    <div
      config="[object Object]"
      data="[object Object],[object Object],[object Object]"
      data-testid="plotly-chart"
      layout="[object Object]"
      style="width: 100%; height: 300px;"
    />
    <div
      class="usage-charts-grid"
    >
      <div
        class="chart-item"
      >
        <div
          config="[object Object]"
          data="[object Object]"
          data-testid="plotly-chart"
          layout="[object Object]"
          style="width: 100%; height: 300px;"
        />
      </div>
      <div
        class="chart-item"
      >
        <div
          config="[object Object]"
          data="[object Object],[object Object]"
          data-testid="plotly-chart"
          layout="[object Object]"
          style="width: 100%; height: 300px;"
        />
      </div>
      <div
        class="chart-item"
      >
        <div
          config="[object Object]"
          data="[object Object]"
          data-testid="plotly-chart"
          layout="[object Object]"
          style="width: 100%; height: 300px;"
        />
      </div>
    </div>
    <div
      class="chart-item"
      style="margin-top: 16px;"
    >
      <div
        config="[object Object]"
        data="[object Object]"
        data-testid="plotly-chart"
        layout="[object Object]"
        style="width: 100%; height: 300px;"
      />
    </div>
    <div
      class="section"
      style="margin-top: 8px;"
    >
      <h4>
        EPAP Titration (AHI by EPAP bins)
      </h4>
      <table>
        <thead>
          <tr>
            <th>
              Group
            </th>
            <th>
              n
            </th>
            <th>
              Mean AHI
            </th>
          </tr>
        </thead>
        <tbody>
          <tr>
            <td>
              EPAP &lt; 7
            </td>
            <td>
              1
            </td>
            <td>
              1.00
            </td>
          </tr>
          <tr>
            <td>
              EPAP ≥ 7
            </td>
            <td>
              1
            </td>
            <td>
              3.00
            </td>
          </tr>
        </tbody>
      </table>
      <p>
        MW U = 0.0, p ≈ 3.17e-1, effect (rank-biserial) ≈ 1.00
      </p>
    </div>
  </div>
</DocumentFragment>
`;
